DM_START 2026-09-07 10:06:43 tasks=125
SKIP dm BLCA 123
OK dm BLCA 231
OK dm BLCA 213
OK dm BLCA 5
OK dm BLCA 321
OK dm BLCA 6
OK dm BLCA 3
OK dm BLCA 2
OK dm BLCA 132
OK dm BLCA 1
OK dm BLCA 4
OK dm BLCA 9
OK dm BLCA 11
OK dm BLCA 10
OK dm BLCA 7
OK dm BLCA 15
OK dm BLCA 16
OK dm BLCA 14
OK dm BLCA 8
OK dm BLCA 13
OK dm BLCA 12
OK dm BLCA 17
OK dm BLCA 20
OK dm BLCA 18
OK dm BLCA 19
OK dm BRCA 213
OK dm BRCA 321
OK dm BRCA 1
OK dm BRCA 132
OK dm BRCA 231
OK dm BRCA 123
OK dm BRCA 2
OK dm BRCA 3
OK dm BRCA 4
OK dm BRCA 5
OK dm BRCA 6
OK dm BRCA 7
OK dm BRCA 8
OK dm BRCA 10
OK dm BRCA 11
OK dm BRCA 9
OK dm BRCA 12
OK dm BRCA 13
OK dm BRCA 15
OK dm BRCA 14
OK dm LUAD 123
OK dm BRCA 16
OK dm BRCA 17
OK dm BRCA 19
OK dm BRCA 18
OK dm BRCA 20
OK dm LUAD 132
OK dm LUAD 213
OK dm LUAD 231
OK dm LUAD 321
OK dm LUAD 1
OK dm LUAD 2
OK dm LUAD 3
OK dm LUAD 6
OK dm LUAD 4
OK dm LUAD 5
OK dm LUAD 7
OK dm LUAD 8
OK dm LUAD 9
OK dm LUAD 10
OK dm LUAD 11
OK dm LUAD 12
OK dm LUAD 13
OK dm LUAD 14
OK dm LUAD 16
OK dm LUAD 15
OK dm LUAD 17
OK dm LUAD 18
OK dm LUAD 19
OK dm LUAD 20
OK dm LGG 123
OK dm LGG 132
OK dm LGG 213
OK dm LGG 231
OK dm LGG 321
OK dm LGG 1
OK dm LGG 2
OK dm LGG 3
OK dm LGG 4
OK dm LGG 5
OK dm LGG 6
OK dm LGG 7
OK dm LGG 8
OK dm LGG 10
OK dm LGG 9
OK dm LGG 11
OK dm LGG 12
OK dm LGG 13
OK dm LGG 14
OK dm LGG 15
OK dm LGG 16
OK dm LGG 17
OK dm LGG 18
OK dm LGG 19
OK dm LGG 20
OK dm UCEC 123
OK dm UCEC 132
OK dm UCEC 213
OK dm UCEC 231
OK dm UCEC 321
OK dm UCEC 1
OK dm UCEC 2
OK dm UCEC 5
OK dm UCEC 4
OK dm UCEC 3
OK dm UCEC 6
OK dm UCEC 7
OK dm UCEC 8
OK dm UCEC 9
OK dm UCEC 10
OK dm UCEC 11
OK dm UCEC 12
OK dm UCEC 15
OK dm UCEC 13
OK dm UCEC 14
OK dm UCEC 16
OK dm UCEC 17
OK dm UCEC 19
OK dm UCEC 18
OK dm UCEC 20
DM_DONE 2026-09-07 10:09:49 json=125
